
 Start  Stop   Length Name               Class

 00000H 009EAH 009EBH CODE               

  Address         Publics by Name

 0000:0627       BYTEOUT
 0000:0648       CHROUT
 0000:0532       COPYRIGHT_MSG
 0000:05D6       DECOUT
 0000:0636       DIGOUT
 0000:0619       DWORDOUT
 0000:0819       ERROR
 0000:0807       ETOPEN_DIAGN
 0000:010A       FLAGBYTE
 0000:0595       GET_ADDRESS
 0000:09A2       GET_DIGIT
 0000:093A       GET_HEX
 0000:0935       GET_NUMBER
 0000:0108       IS_AT
 0000:0350       OUR_ISR
 0000:0104       PACKET_INT_NO
 0000:0080       PHD_DIOA
 0000:002C       PHD_ENVIRON
 0000:09D3       PRINT_ETHER_ADDR
 0000:059E       PRINT_NUMBER
 0000:04CE       RCV_ISR
 0000:0328       RECEIVE_PTR
 0000:09C8       SKIP_BLANKS
 0000:0853       START_1
 0000:0109       SYS_FEATURES
 0000:034C       THEIR_ISR
 0000:0512       USAGE_MSG
 0000:0620       WORDOUT

  Address         Publics by Value

 0000:002C       PHD_ENVIRON
 0000:0080       PHD_DIOA
 0000:0104       PACKET_INT_NO
 0000:0108       IS_AT
 0000:0109       SYS_FEATURES
 0000:010A       FLAGBYTE
 0000:0328       RECEIVE_PTR
 0000:034C       THEIR_ISR
 0000:0350       OUR_ISR
 0000:04CE       RCV_ISR
 0000:0512       USAGE_MSG
 0000:0532       COPYRIGHT_MSG
 0000:0595       GET_ADDRESS
 0000:059E       PRINT_NUMBER
 0000:05D6       DECOUT
 0000:0619       DWORDOUT
 0000:0620       WORDOUT
 0000:0627       BYTEOUT
 0000:0636       DIGOUT
 0000:0648       CHROUT
 0000:0807       ETOPEN_DIAGN
 0000:0819       ERROR
 0000:0853       START_1
 0000:0935       GET_NUMBER
 0000:093A       GET_HEX
 0000:09A2       GET_DIGIT
 0000:09C8       SKIP_BLANKS
 0000:09D3       PRINT_ETHER_ADDR

Program entry point at 0000:0100
Warning: No stack

